I'm sorry, but errors were detected in your script. Please correct the
errors listed below, and try again.


File "game/script.rpy", line 2210: u'show' is not a keyword argument or valid child for the screen statement.
    show screen ryuuji_demon_fight
        ^

Ren'Py Version: Ren'Py 7.3.2.320
Sun Oct 06 21:10:43 2019
